DROP TABLE
CREATE TABLE
CREATE TABLE
CREATE TABLE
CREATE TABLE
COPY 3
 count 
-------
     1
(1 row)

TRUNCATE TABLE
 count 
-------
     0
(1 row)

