\c opentenbase_ora_package_function_regression_ora
create extension if not exists opentenbase_ora_package_function;
NOTICE:  extension "opentenbase_ora_package_function" already exists, skipping
-- Test cases for function chr(text)
select chr('65'::text) from dual;
 CHR 
-----
 A
(1 row)

select chr('65'::varchar2) from dual;
 CHR 
-----
 A
(1 row)

select chr('65'::nvarchar2) from dual;
 CHR 
-----
 A
(1 row)

select chr('65'::char(2)) from dual;
 CHR 
-----
 A
(1 row)

select chr('65'::character(2)) from dual;
 CHR 
-----
 A
(1 row)

select chr('65'::character varying) from dual;
 CHR 
-----
 A
(1 row)

select chr('65'::nclob) from dual;
 CHR 
-----
 A
(1 row)

select chr('65'::clob) from dual;
 CHR 
-----
 A
(1 row)
