\c opentenbase_ora_package_function_regression_ora
\set ECHO none
 OWNER | SCHEMA_NAME | TABLE_NAME | TABLESPACE_NAME | CLUSTER_NAME | IOT_NAME | STATUS | PCT_FREE | PCT_USED | INI_TRANS | MAX_TRANS | INITIAL_EXTENT | NEXT_EXTENT | MIN_EXTENTS | MAX_EXTENTS | PCT_INCREASE | FREELISTS | FREELIST_GROUPS | LOGGING | BACKED_UP | NUM_ROWS | BLOCKS | EMPTY_BLOCKS | AVG_SPACE | CHAIN_CNT | AVG_ROW_LEN | AVG_SPACE_FREELIST_BLOCKS | NUM_FREELIST_BLOCKS | DEGREE | INSTANCES | CACHE | TABLE_LOCK | SAMPLE_SIZE | LAST_ANALYZED | PARTITIONED | IOT_TYPE | TEMPORARY | SECONDARY | NESTED | BUFFER_POOL | FLASH_CACHE | CELL_FLASH_CACHE | ROW_MOVEMENT | GLOBAL_STATS | USER_STATS | DURATION | SKIP_CORRUPT | MONITORING | CLUSTER_OWNER | DEPENDENCIES | COMPRESSION | COMPRESS_FOR | DROPPED | READ_ONLY | SEGMENT_CREATED | RESULT_CACHE 
-------+-------------+------------+-----------------+--------------+----------+--------+----------+----------+-----------+-----------+----------------+-------------+-------------+-------------+--------------+-----------+-----------------+---------+-----------+----------+--------+--------------+-----------+-----------+-------------+---------------------------+---------------------+--------+-----------+-------+------------+-------------+---------------+-------------+----------+-----------+-----------+--------+-------------+-------------+------------------+--------------+--------------+------------+----------+--------------+------------+---------------+--------------+-------------+--------------+---------+-----------+-----------------+--------------
(0 rows)

 OWNER | SCHEMA_NAME | TABLE_NAME | TABLESPACE_NAME | CLUSTER_NAME | IOT_NAME | STATUS | PCT_FREE | PCT_USED | INI_TRANS | MAX_TRANS | INITIAL_EXTENT | NEXT_EXTENT | MIN_EXTENTS | MAX_EXTENTS | PCT_INCREASE | FREELISTS | FREELIST_GROUPS | LOGGING | BACKED_UP | NUM_ROWS | BLOCKS | EMPTY_BLOCKS | AVG_SPACE | CHAIN_CNT | AVG_ROW_LEN | AVG_SPACE_FREELIST_BLOCKS | NUM_FREELIST_BLOCKS | DEGREE | INSTANCES | CACHE | TABLE_LOCK | SAMPLE_SIZE | LAST_ANALYZED | PARTITIONED | IOT_TYPE | TEMPORARY | SECONDARY | NESTED | BUFFER_POOL | FLASH_CACHE | CELL_FLASH_CACHE | ROW_MOVEMENT | GLOBAL_STATS | USER_STATS | DURATION | SKIP_CORRUPT | MONITORING | CLUSTER_OWNER | DEPENDENCIES | COMPRESSION | COMPRESS_FOR | DROPPED | READ_ONLY | SEGMENT_CREATED | RESULT_CACHE 
-------+-------------+------------+-----------------+--------------+----------+--------+----------+----------+-----------+-----------+----------------+-------------+-------------+-------------+--------------+-----------+-----------------+---------+-----------+----------+--------+--------------+-----------+-----------+-------------+---------------------------+---------------------+--------+-----------+-------+------------+-------------+---------------+-------------+----------+-----------+-----------+--------+-------------+-------------+------------------+--------------+--------------+------------+----------+--------------+------------+---------------+--------------+-------------+--------------+---------+-----------+-----------------+--------------
(0 rows)

 SCHEMA_NAME | TABLE_NAME | TABLESPACE_NAME | CLUSTER_NAME | IOT_NAME | STATUS | PCT_FREE | PCT_USED | INI_TRANS | MAX_TRANS | INITIAL_EXTENT | NEXT_EXTENT | MIN_EXTENTS | MAX_EXTENTS | PCT_INCREASE | FREELISTS | FREELIST_GROUPS | LOGGING | BACKED_UP | NUM_ROWS | BLOCKS | EMPTY_BLOCKS | AVG_SPACE | CHAIN_CNT | AVG_ROW_LEN | AVG_SPACE_FREELIST_BLOCKS | NUM_FREELIST_BLOCKS | DEGREE | INSTANCES | CACHE | TABLE_LOCK | SAMPLE_SIZE | LAST_ANALYZED | PARTITIONED | IOT_TYPE | TEMPORARY | SECONDARY | NESTED | BUFFER_POOL | FLASH_CACHE | CELL_FLASH_CACHE | ROW_MOVEMENT | GLOBAL_STATS | USER_STATS | DURATION | SKIP_CORRUPT | MONITORING | CLUSTER_OWNER | DEPENDENCIES | COMPRESSION | COMPRESS_FOR | DROPPED | READ_ONLY | SEGMENT_CREATED | RESULT_CACHE 
-------------+------------+-----------------+--------------+----------+--------+----------+----------+-----------+-----------+----------------+-------------+-------------+-------------+--------------+-----------+-----------------+---------+-----------+----------+--------+--------------+-----------+-----------+-------------+---------------------------+---------------------+--------+-----------+-------+------------+-------------+---------------+-------------+----------+-----------+-----------+--------+-------------+-------------+------------------+--------------+--------------+------------+----------+--------------+------------+---------------+--------------+-------------+--------------+---------+-----------+-----------------+--------------
(0 rows)

     TABLE_NAME      | ?column? | ?column? 
---------------------+----------+----------
 V_ALL_TABLES_TEST_1 | t        | t
 V_ALL_TABLES_TEST_2 | f        | f
 V_ALL_TABLES_TEST_3 | f        | f
(3 rows)

     TABLE_NAME      | ?column? | ?column? 
---------------------+----------+----------
 V_ALL_TABLES_TEST_1 | t        | t
 V_ALL_TABLES_TEST_2 | f        | f
 V_ALL_TABLES_TEST_3 | f        | f
(3 rows)

     TABLE_NAME      | ?column? | ?column? 
---------------------+----------+----------
 V_ALL_TABLES_TEST_1 | t        | t
 V_ALL_TABLES_TEST_2 | f        | f
 V_ALL_TABLES_TEST_3 | f        | f
(3 rows)
