\c regression
--create database linktest_db
create database linktest_db sql mode opentenbase_ora;
\c linktest_db
create schema schema_1;
create schema "schema_1";
create user u1;
create user "u1";
grant all privileges on database "linktest_db" to u1;
grant all privileges on database "linktest_db" to "u1";
grant all privileges on schema schema_1 to u1;
grant all privileges on schema schema_1 to "u1";
grant all privileges on schema "schema_1" to u1;
grant all privileges on schema "schema_1" to "u1";
\c - U1
select current_user from dual;
 current_user 
--------------
 U1
(1 row)

create table schema_1.t (i int, j date, k varchar2(64));
insert into schema_1.t values (1, '2022-1-1', 'U1_SCHEMA1_T');
create table "schema_1".t (i int, j date, k varchar2(64));
insert into "schema_1".t values (1, '2022-1-1', 'U1_schema1_T');
create table schema_1."t" (i int, j date, k varchar2(64));
insert into schema_1."t" values (1, '2022-1-1', 'U1_SCHEMA1_t');
create table "schema_1"."t" (i int, j date, k varchar2(64));
insert into "schema_1"."t" values (1, '2022-1-1', 'U1_schema1_t');
\c - "u1"
select current_user from dual;
 current_user 
--------------
 u1
(1 row)

create table schema_1.t1 (i int, j date, k varchar2(64));
insert into schema_1.t1 values (1, '2022-1-1', 'u1_SCHEMA1_T1');
create table "schema_1".t1 (i int, j date, k varchar2(64));
insert into "schema_1".t1 values (1, '2022-1-1', 'u1_schema1_T1');
create table schema_1."t1" (i int, j date, k varchar2(64));
insert into schema_1."t1" values (1, '2022-1-1', 'u1_SCHEMA1_t1');
create table "schema_1"."t1" (i int, j date, k varchar2(64));
insert into "schema_1"."t1" values (1, '2022-1-1', 'u1_schema1_t1');
\c - U1
create table schema_1.test1
(
    id int,
    name text,
    comment varchar2(10),
    d1 timestamp,
    d2 date,
    d3 timestamptz,
    d4 timestamptz,
    num numeric,
    f1  float,
    f2 double precision,
    b1 bytea
);
create table schema_1.test2
(
    id int,
    name text,
    comment varchar2(10),
    d1 timestamp,
    d2 date,
    d3 timestamptz,
    d4 timestamptz,
    num numeric,
    f1  float,
    f2 double precision,
    b1 bytea
);
insert into schema_1.test1 values
(1, 'n1','com1','2022-1-1 12:00:00','2022-1-1','2022-1-1 00:00:00','2022-1-1', 123324234, 1.333, 4.55788, 'aabbcc'),
(2, 'n2','com2','2022-1-1 12:00:00','2022-1-1','2022-1-1 00:00:00','2022-1-1', 123324234, 1.333, 4.55788,'\x31313232');
insert into schema_1.test2 values
(2, 'n1','com1','2022-1-1 12:00:00','2022-1-1','2022-1-1 00:00:00','2022-1-1', 123324234, 1.333, 4.55788, 'aabbcc'),
(3, 'n2','com2','2022-1-1 12:00:00','2022-1-1','2022-1-1 00:00:00','2022-1-1', 123324234, 1.333, 4.55788,'\x31313232');
\q
